

================================================================
== Synthesis Summary Report of 'snn_to_hls'
================================================================
+ General Information: 
    * Date:           Tue May 26 12:59:46 2026
    * Version:        2025.2 (Build 6295257 on Nov 14 2025)
    * Project:        event_driven_srnn
    * Solution:       hls (Vivado IP Flow Target)
    * Product family: virtexuplus
    * Target device:  xcvu9p-flga2104-2-i
    

* Performance & Resource Estimates: 
+---------------------------------------------------+------+---------------+----------+---------+------+----------+---------+-----------+------+---------+----------+------------+------------+-----+
|                      Modules                      | Issue|               | Iteration|         | Trip |          |       Latency       |      |         |          |            |            |     |
|                      & Loops                      | Type | Violation Type|  Latency | Interval| Count| Pipelined| (cycles)|    (ns)   | Slack|  BRAM   |    DSP   |     FF     |     LUT    | URAM|
+---------------------------------------------------+------+---------------+----------+---------+------+----------+---------+-----------+------+---------+----------+------------+------------+-----+
|+ snn_to_hls*                                      |     -|              -|         -|      638|     -|  dataflow|      640|  4.267e+03|  0.44|  4 (~0%)|   80 (1%)|  59311 (2%)|  38365 (3%)|    -|
| + Affine_12_38_s                                  |     -|              -|         -|      600|     -|        no|      600|  4.000e+03|  0.51|  1 (~0%)|   2 (~0%)|   566 (~0%)|   711 (~0%)|    -|
|  + Affine_12_38_Pipeline_init_v                   |     -|              -|         -|        -|     -|       yes|       40|    266.680|  3.39|        -|         -|    15 (~0%)|    64 (~0%)|    -|
|   o init_v                                        |     -|              -|         2|        1|    38|       yes|       38|    253.346|  4.87|        -|         -|           -|           -|    -|
|  + Affine_12_38_Pipeline_output_loop              |     -|              -|         -|        -|     -|       yes|       40|    266.680|  2.73|        -|         -|    21 (~0%)|    75 (~0%)|    -|
|   o output_loop                                   |     -|              -|         2|        1|    38|       yes|       38|    253.346|  4.87|        -|         -|           -|           -|    -|
|  o main_loop                                      |     -|              -|        43|        -|    12|        no|      516|  3.440e+03|  4.87|        -|         -|           -|           -|    -|
|   + Affine_12_38_Pipeline_update_loop             |     -|              -|         -|        -|     -|       yes|       41|    273.347|  0.51|  1 (~0%)|   2 (~0%)|    79 (~0%)|   205 (~0%)|    -|
|    o update_loop                                  |     -|              -|         3|        1|    38|       yes|       39|    260.013|  4.87|        -|         -|           -|           -|    -|
| + Block_entry_layer_2_rec_wr_initialized_fb_proc  |     -|              -|         -|      637|     -|        no|      637|  4.247e+03|  0.44|  2 (~0%)|  39 (~0%)|  30835 (1%)|  20525 (1%)|    -|
|  + Merge                                          |     -|              -|         -|       86|     -|        no|       86|    573.362|  2.35|        -|         -|   566 (~0%)|   235 (~0%)|    -|
|   + Merge_Pipeline_VITIS_LOOP_25_1                |     -|              -|         -|        -|     -|       yes|       41|    273.347|  2.35|        -|         -|   411 (~0%)|   105 (~0%)|    -|
|    o VITIS_LOOP_25_1                              |     -|              -|         2|        1|    39|       yes|       39|    260.013|  4.87|        -|         -|           -|           -|    -|
|   + Merge_Pipeline_VITIS_LOOP_36_2                |     -|              -|         -|        -|     -|       yes|       41|    273.347|  2.73|        -|         -|   148 (~0%)|    56 (~0%)|    -|
|    o VITIS_LOOP_36_2                              |     -|              -|         2|        1|    39|       yes|       39|    260.013|  4.87|        -|         -|           -|           -|    -|
|  + CubaLIF_1_1_38_s                               |     -|              -|         -|      235|     -|        no|      235|  1.567e+03|  0.44|        -|  37 (~0%)|  27875 (1%)|  18535 (1%)|    -|
|   + CubaLIF_1_1_38_Pipeline_VITIS_LOOP_133_1      |     -|              -|         -|        -|     -|       yes|       78|    520.026|  1.48|        -|         -|     3 (~0%)|   895 (~0%)|    -|
|    o VITIS_LOOP_133_1                             |     -|              -|         1|        1|    76|       yes|       76|    506.692|  4.87|        -|         -|           -|           -|    -|
|   + CubaLIF_1_1_38_Pipeline_VITIS_LOOP_149_4      |     -|              -|         -|        -|     -|       yes|      112|    746.704|  0.44|        -|  37 (~0%)|  24669 (1%)|  16427 (1%)|    -|
|    o VITIS_LOOP_149_4                             |     -|              -|        74|        1|    38|       yes|      110|    733.370|  4.87|        -|         -|           -|           -|    -|
|     + update_cuba_lif_neuron                      |     -|              -|         -|        1|     -|       yes|       71|    473.357|  0.44|        -|  37 (~0%)|  24267 (1%)|  14411 (1%)|    -|
|      + exp_pwl_lut_decay_fp                       |     -|              -|         -|        1|     -|       yes|        2|     13.334|  0.95|        -|   2 (~0%)|   146 (~0%)|   462 (~0%)|    -|
|      + exp_pwl_lut_decay_fp                       |     -|              -|         -|        1|     -|       yes|        2|     13.334|  0.95|        -|   2 (~0%)|   146 (~0%)|   462 (~0%)|    -|
|   + CubaLIF_1_1_38_Pipeline_VITIS_LOOP_191_7      |     -|              -|         -|        -|     -|       yes|       40|    266.680|  3.39|        -|         -|     8 (~0%)|    53 (~0%)|    -|
|    o VITIS_LOOP_191_7                             |     -|              -|         1|        1|    38|       yes|       38|    253.346|  4.87|        -|         -|           -|           -|    -|
|  + Split                                          |     -|              -|         -|        -|     -|       yes|        9|     60.003|  2.16|        -|         -|   231 (~0%)|    85 (~0%)|    -|
|   o VITIS_LOOP_28_1                               |     -|              -|         2|        1|     6|       yes|        7|     46.669|  4.87|        -|         -|           -|           -|    -|
|  + Affine_38_38_s                                 |     -|              -|         -|      299|     -|        no|      299|  1.993e+03|  0.51|  2 (~0%)|   2 (~0%)|   599 (~0%)|   709 (~0%)|    -|
|   + Affine_38_38_Pipeline_init_v                  |     -|              -|         -|        -|     -|       yes|       40|    266.680|  3.39|        -|         -|    15 (~0%)|    64 (~0%)|    -|
|    o init_v                                       |     -|              -|         2|        1|    38|       yes|       38|    253.346|  4.87|        -|         -|           -|           -|    -|
|   + Affine_38_38_Pipeline_output_loop             |     -|              -|         -|        -|     -|       yes|       40|    266.680|  2.73|        -|         -|    21 (~0%)|    75 (~0%)|    -|
|    o output_loop                                  |     -|              -|         2|        1|    38|       yes|       38|    253.346|  4.87|        -|         -|           -|           -|    -|
|   o main_loop                                     |     -|              -|        43|        -|     5|        no|      215|  1.433e+03|  4.87|        -|         -|           -|           -|    -|
|    + Affine_38_38_Pipeline_update_loop            |     -|              -|         -|        -|     -|       yes|       41|    273.347|  0.51|  2 (~0%)|   2 (~0%)|    92 (~0%)|   223 (~0%)|    -|
|     o update_loop                                 |     -|              -|         3|        1|    38|       yes|       39|    260.013|  4.87|        -|         -|           -|           -|    -|
| + Affine_38_7_s                                   |     -|              -|         -|       82|     -|        no|       82|    546.694|  0.51|  1 (~0%)|   2 (~0%)|   565 (~0%)|   699 (~0%)|    -|
|  + Affine_38_7_Pipeline_init_v                    |     -|              -|         -|        -|     -|       yes|        9|     60.003|  3.49|        -|         -|     9 (~0%)|    58 (~0%)|    -|
|   o init_v                                        |     -|              -|         2|        1|     7|       yes|        7|     46.669|  4.87|        -|         -|           -|           -|    -|
|  + Affine_38_7_Pipeline_output_loop               |     -|              -|         -|        -|     -|       yes|        9|     60.003|  2.73|        -|         -|    12 (~0%)|    69 (~0%)|    -|
|   o output_loop                                   |     -|              -|         2|        1|     7|       yes|        7|     46.669|  4.87|        -|         -|           -|           -|    -|
|  o main_loop                                      |     -|              -|        12|        -|     5|        no|       60|    400.020|  4.87|        -|         -|           -|           -|    -|
|   + Affine_38_7_Pipeline_update_loop              |     -|              -|         -|        -|     -|       yes|       10|     66.670|  0.51|  1 (~0%)|   2 (~0%)|    79 (~0%)|   213 (~0%)|    -|
|    o update_loop                                  |     -|              -|         3|        1|     7|       yes|        8|     53.336|  4.87|        -|         -|           -|           -|    -|
| + CubaLIF_1_1_7_s                                 |     -|              -|         -|      104|     -|        no|      104|    693.368|  0.44|        -|  37 (~0%)|  25797 (1%)|  15636 (1%)|    -|
|  + CubaLIF_1_1_7_Pipeline_VITIS_LOOP_133_1        |     -|              -|         -|        -|     -|       yes|        9|     60.003|  1.48|        -|         -|     3 (~0%)|   267 (~0%)|    -|
|   o VITIS_LOOP_133_1                              |     -|              -|         1|        1|     7|       yes|        7|     46.669|  4.87|        -|         -|           -|           -|    -|
|  + CubaLIF_1_1_7_Pipeline_VITIS_LOOP_149_4        |     -|              -|         -|        -|     -|       yes|       81|    540.027|  0.44|        -|  37 (~0%)|  24621 (1%)|  14988 (1%)|    -|
|   o VITIS_LOOP_149_4                              |     -|              -|        74|        1|     7|       yes|       79|    526.693|  4.87|        -|         -|           -|           -|    -|
|    + update_cuba_lif_neuron                       |     -|              -|         -|        1|     -|       yes|       71|    473.357|  0.44|        -|  37 (~0%)|  24267 (1%)|  14411 (1%)|    -|
|     + exp_pwl_lut_decay_fp                        |     -|              -|         -|        1|     -|       yes|        2|     13.334|  0.95|        -|   2 (~0%)|   146 (~0%)|   462 (~0%)|    -|
|     + exp_pwl_lut_decay_fp                        |     -|              -|         -|        1|     -|       yes|        2|     13.334|  0.95|        -|   2 (~0%)|   146 (~0%)|   462 (~0%)|    -|
|  + CubaLIF_1_1_7_Pipeline_VITIS_LOOP_191_7        |     -|              -|         -|        -|     -|       yes|        9|     60.003|  3.52|        -|         -|     5 (~0%)|    47 (~0%)|    -|
|   o VITIS_LOOP_191_7                              |     -|              -|         1|        1|     7|       yes|        7|     46.669|  4.87|        -|         -|           -|           -|    -|
+---------------------------------------------------+------+---------------+----------+---------+------+----------+---------+-----------+------+---------+----------+------------+------------+-----+
    Name Prefix: '+' for module, 'o' for loop, '*' for dataflow


================================================================
== HW Interfaces
================================================================
* AP_FIFO
+-----------+-----------+------------+
| Interface | Direction | Data Width |
+-----------+-----------+------------+
| input_r   | in        | 204        |
| output_r  | out       | 204        |
+-----------+-----------+------------+

* TOP LEVEL CONTROL
+-----------+------------+-----------------------------------+
| Interface | Type       | Ports                             |
+-----------+------------+-----------------------------------+
| ap_clk    | clock      | ap_clk                            |
| ap_rst    | reset      | ap_rst                            |
| ap_ctrl   | ap_ctrl_hs | ap_done ap_idle ap_ready ap_start |
+-----------+------------+-----------------------------------+


================================================================
== SW I/O Information
================================================================
* Top Function Arguments
+----------+-----------+---------------------+
| Argument | Direction | Datatype            |
+----------+-----------+---------------------+
| input    | in        | stream<spike_t, 0>& |
| output   | out       | stream<spike_t, 0>& |
+----------+-----------+---------------------+

* SW-to-HW Mapping
+----------+--------------+-----------+
| Argument | HW Interface | HW Type   |
+----------+--------------+-----------+
| input    | input_r      | interface |
| output   | output_r     | interface |
+----------+--------------+-----------+


================================================================
== M_AXI Burst Information
================================================================
 Note: All burst requests might be further partitioned into multiple requests during RTL generation based on max_read_burst_length or max_write_burst_length settings.


================================================================
== Bind Op Report
================================================================
+------------------------------------------------------------------+-----+--------+---------------+-----------+--------------------------+---------+
| Name                                                             | DSP | Pragma | Variable      | Op        | Impl                     | Latency |
+------------------------------------------------------------------+-----+--------+---------------+-----------+--------------------------+---------+
| + snn_to_hls                                                     | 80  |        |               |           |                          |         |
|  + Affine_12_38_s                                                | 2   |        |               |           |                          |         |
|    icmp_ln59_fu_186_p2                                           |     |        | icmp_ln59     | setlt     | auto                     | 0       |
|   + Affine_12_38_Pipeline_init_v                                 | 0   |        |               |           |                          |         |
|     icmp_ln35_fu_72_p2                                           |     |        | icmp_ln35     | seteq     | auto                     | 0       |
|     add_ln35_fu_78_p2                                            |     |        | add_ln35      | add       | fabric                   | 0       |
|   + Affine_12_38_Pipeline_update_loop                            | 2   |        |               |           |                          |         |
|     icmp_ln62_fu_126_p2                                          |     |        | icmp_ln62     | seteq     | auto                     | 0       |
|     add_ln62_fu_132_p2                                           |     |        | add_ln62      | add       | fabric                   | 0       |
|     mul_24s_20s_44_1_1_U3                                        | 2   |        | mul_ln64      | mul       | auto                     | 0       |
|     add_ln64_fu_212_p2                                           |     |        | add_ln64      | add       | fabric                   | 0       |
|   + Affine_12_38_Pipeline_output_loop                            | 0   |        |               |           |                          |         |
|     icmp_ln70_fu_127_p2                                          |     |        | icmp_ln70     | seteq     | auto                     | 0       |
|     add_ln70_fu_133_p2                                           |     |        | add_ln70      | add       | fabric                   | 0       |
|  + Block_entry_layer_2_rec_wr_initialized_fb_proc                | 39  |        |               |           |                          |         |
|   + Merge                                                        | 0   |        |               |           |                          |         |
|    + Merge_Pipeline_VITIS_LOOP_25_1                              | 0   |        |               |           |                          |         |
|      icmp_ln27_fu_283_p2                                         |     |        | icmp_ln27     | seteq     | auto                     | 0       |
|    + Merge_Pipeline_VITIS_LOOP_36_2                              | 0   |        |               |           |                          |         |
|      icmp_ln38_fu_89_p2                                          |     |        | icmp_ln38     | seteq     | auto                     | 0       |
|   + CubaLIF_1_1_38_s                                             | 37  |        |               |           |                          |         |
|     sub_ln150_fu_820_p2                                          |     |        | sub_ln150     | sub       | fabric                   | 0       |
|     icmp_ln187_fu_842_p2                                         |     |        | icmp_ln187    | seteq     | auto                     | 0       |
|    + CubaLIF_1_1_38_Pipeline_VITIS_LOOP_133_1                    | 0   |        |               |           |                          |         |
|      sparsemux_77_6_16_1_1_U35                                   |     |        | tmp_i_374     | sparsemux | compactencoding_dontcare | 0       |
|      add_ln142_fu_689_p2                                         |     |        | add_ln142     | add       | fabric                   | 0       |
|      sub_ln142_fu_695_p2                                         |     |        | sub_ln142     | sub       | fabric                   | 0       |
|      icmp_ln142_fu_701_p2                                        |     |        | icmp_ln142    | seteq     | auto                     | 0       |
|    + CubaLIF_1_1_38_Pipeline_VITIS_LOOP_149_4                    | 37  |        |               |           |                          |         |
|      icmp_ln149_fu_710_p2                                        |     |        | icmp_ln149    | seteq     | auto                     | 0       |
|      add_ln149_fu_716_p2                                         |     |        | add_ln149     | add       | fabric                   | 0       |
|      sparsemux_77_6_16_1_1_U115                                  |     |        | tmp_17_i      | sparsemux | compactencoding_dontcare | 0       |
|      icmp_ln167_fu_2282_p2                                       |     |        | icmp_ln167    | seteq     | auto                     | 0       |
|     + update_cuba_lif_neuron (grp_update_cuba_lif_neuron_fu_632) | 37  |        |               |           |                          |         |
|       sdiv_40ns_8ns_37_44_1_U89                                  |     |        | sdiv_ln61     | sdiv      | auto                     | 43      |
|       grp_exp_pwl_lut_decay_fp_fu_177_exp_arg                    |     |        | sub_ln61      | sub       | fabric                   | 0       |
|       sdiv_40ns_5ns_37_44_1_U90                                  |     |        | sdiv_ln62     | sdiv      | auto                     | 43      |
|       grp_exp_pwl_lut_decay_fp_fu_186_exp_arg                    |     |        | sub_ln62      | sub       | fabric                   | 0       |
|       mul_40s_24s_56_1_1_U84                                     | 3   |        | mul_ln65      | mul       | auto                     | 0       |
|       tau_diff_fu_348_p2                                         |     |        | tau_diff      | sub       | fabric                   | 0       |
|       icmp_ln67_fu_281_p2                                        |     |        | icmp_ln67     | seteq     | auto                     | 0       |
|       mul_24s_20ns_44_1_1_U82                                    | 2   |        | mul_ln68      | mul       | auto                     | 0       |
|       mul_44s_4ns_48_1_1_U92                                     |     |        | mul_ln68_1    | mul       | auto                     | 0       |
|       sdiv_64ns_7ns_64_68_1_U93                                  |     |        | sdiv_ln68     | sdiv      | auto                     | 67      |
|       sub_ln68_fu_503_p2                                         |     |        | sub_ln68      | sub       | fabric                   | 0       |
|       mul_64s_25s_88_1_1_U87                                     | 4   |        | mul_ln68_2    | mul       | auto                     | 0       |
|       add_ln68_fu_574_p2                                         |     |        | add_ln68      | add       | fabric                   | 0       |
|       mul_60s_62ns_121_1_1_U86                                   | 12  |        | mul_ln71_2    | mul       | auto                     | 0       |
|       sub_ln71_fu_410_p2                                         |     |        | sub_ln71      | sub       | fabric                   | 0       |
|       select_ln71_fu_434_p3                                      |     |        | select_ln71   | select    | auto_sel                 | 0       |
|       sub_ln71_1_fu_445_p2                                       |     |        | sub_ln71_1    | sub       | fabric                   | 0       |
|       select_ln71_1_fu_451_p3                                    |     |        | select_ln71_1 | select    | auto_sel                 | 0       |
|       mul_57s_24s_79_1_1_U85                                     | 4   |        | mul_ln71      | mul       | auto                     | 0       |
|       mul_79s_24s_88_2_1_U88                                     | 5   |        | mul_ln71_1    | mul       | auto                     | 1       |
|       add_ln71_fu_554_p2                                         |     |        | add_ln71      | add       | fabric                   | 0       |
|       mul_24s_24s_40_1_1_U83                                     | 2   |        | mul_ln74      | mul       | auto                     | 0       |
|       mul_24s_18ns_40_1_1_U91                                    | 1   |        | mul_ln77      | mul       | auto                     | 0       |
|       add_ln78_fu_531_p2                                         |     |        | add_ln78      | add       | fabric                   | 0       |
|       icmp_ln81_fu_600_p2                                        |     |        | icmp_ln81     | setlt     | auto                     | 0       |
|       v_t_1_fu_606_p3                                            |     |        | v_t_1         | select    | auto_sel                 | 0       |
|       select_ln41_fu_614_p3                                      |     |        | select_ln41   | select    | auto_sel                 | 0       |
|     + exp_pwl_lut_decay_fp (grp_exp_pwl_lut_decay_fp_fu_177)     | 2   |        |               |           |                          |         |
|       xor_ln63_fu_199_p2                                         |     |        | xor_ln63      | xor       | auto                     | 0       |
|       icmp_ln67_fu_112_p2                                        |     |        | icmp_ln67     | setlt     | auto                     | 0       |
|       scaled_index_fu_126_p2                                     |     |        | scaled_index  | add       | fabric                   | 0       |
|       add_ln78_fu_162_p2                                         |     |        | add_ln78      | add       | fabric                   | 0       |
|       local_x_fu_178_p2                                          |     |        | local_x       | sub       | fabric                   | 0       |
|       mul_38s_16ns_53_1_1_U77                                    | 2   |        | mul_ln81      | mul       | auto                     | 0       |
|       add_ln81_fu_215_p2                                         |     |        | add_ln81      | add       | fabric                   | 0       |
|       icmp_ln83_fu_230_p2                                        |     |        | icmp_ln83     | setlt     | auto                     | 0       |
|       select_ln87_1_fu_236_p3                                    |     |        | select_ln87_1 | select    | auto_sel                 | 0       |
|       icmp_ln87_fu_253_p2                                        |     |        | icmp_ln87     | setgt     | auto                     | 0       |
|       select_ln87_fu_269_p3                                      |     |        | select_ln87   | select    | auto_sel                 | 0       |
|       or_ln83_fu_277_p2                                          |     |        | or_ln83       | or        | auto                     | 0       |
|       or_ln83_1_fu_282_p2                                        |     |        | or_ln83_1     | or        | auto                     | 0       |
|       ap_return                                                  |     |        | UnifiedRetVal | select    | auto_sel                 | 0       |
|     + exp_pwl_lut_decay_fp (grp_exp_pwl_lut_decay_fp_fu_186)     | 2   |        |               |           |                          |         |
|       xor_ln63_fu_199_p2                                         |     |        | xor_ln63      | xor       | auto                     | 0       |
|       icmp_ln67_fu_112_p2                                        |     |        | icmp_ln67     | setlt     | auto                     | 0       |
|       scaled_index_fu_126_p2                                     |     |        | scaled_index  | add       | fabric                   | 0       |
|       add_ln78_fu_162_p2                                         |     |        | add_ln78      | add       | fabric                   | 0       |
|       local_x_fu_178_p2                                          |     |        | local_x       | sub       | fabric                   | 0       |
|       mul_38s_16ns_53_1_1_U77                                    | 2   |        | mul_ln81      | mul       | auto                     | 0       |
|       add_ln81_fu_215_p2                                         |     |        | add_ln81      | add       | fabric                   | 0       |
|       icmp_ln83_fu_230_p2                                        |     |        | icmp_ln83     | setlt     | auto                     | 0       |
|       select_ln87_1_fu_236_p3                                    |     |        | select_ln87_1 | select    | auto_sel                 | 0       |
|       icmp_ln87_fu_253_p2                                        |     |        | icmp_ln87     | setgt     | auto                     | 0       |
|       select_ln87_fu_269_p3                                      |     |        | select_ln87   | select    | auto_sel                 | 0       |
|       or_ln83_fu_277_p2                                          |     |        | or_ln83       | or        | auto                     | 0       |
|       or_ln83_1_fu_282_p2                                        |     |        | or_ln83_1     | or        | auto                     | 0       |
|       ap_return                                                  |     |        | UnifiedRetVal | select    | auto_sel                 | 0       |
|    + CubaLIF_1_1_38_Pipeline_VITIS_LOOP_191_7                    | 0   |        |               |           |                          |         |
|      icmp_ln191_fu_262_p2                                        |     |        | icmp_ln191    | seteq     | auto                     | 0       |
|      add_ln191_fu_268_p2                                         |     |        | add_ln191     | add       | fabric                   | 0       |
|   + Split                                                        | 0   |        |               |           |                          |         |
|     add_ln40_fu_76_p2                                            |     |        | add_ln40      | add       | fabric                   | 0       |
|     icmp_ln40_fu_92_p2                                           |     |        | icmp_ln40     | seteq     | auto                     | 0       |
|   + Affine_38_38_s                                               | 2   |        |               |           |                          |         |
|     icmp_ln59_fu_167_p2                                          |     |        | icmp_ln59     | setlt     | auto                     | 0       |
|    + Affine_38_38_Pipeline_init_v                                | 0   |        |               |           |                          |         |
|      icmp_ln35_fu_72_p2                                          |     |        | icmp_ln35     | seteq     | auto                     | 0       |
|      add_ln35_fu_78_p2                                           |     |        | add_ln35      | add       | fabric                   | 0       |
|    + Affine_38_38_Pipeline_update_loop                           | 2   |        |               |           |                          |         |
|      icmp_ln62_fu_131_p2                                         |     |        | icmp_ln62     | seteq     | auto                     | 0       |
|      add_ln62_fu_137_p2                                          |     |        | add_ln62      | add       | fabric                   | 0       |
|      add_ln64_3_fu_146_p2                                        |     |        | add_ln64_3    | add       | fabric                   | 0       |
|      add_ln64_2_fu_152_p2                                        |     |        | add_ln64_2    | add       | fabric                   | 0       |
|      mul_24s_21s_45_1_1_U321                                     | 2   |        | mul_ln64      | mul       | auto                     | 0       |
|      add_ln64_fu_201_p2                                          |     |        | add_ln64      | add       | fabric                   | 0       |
|    + Affine_38_38_Pipeline_output_loop                           | 0   |        |               |           |                          |         |
|      icmp_ln70_fu_123_p2                                         |     |        | icmp_ln70     | seteq     | auto                     | 0       |
|      add_ln70_fu_129_p2                                          |     |        | add_ln70      | add       | fabric                   | 0       |
|  + Affine_38_7_s                                                 | 2   |        |               |           |                          |         |
|    icmp_ln59_fu_167_p2                                           |     |        | icmp_ln59     | setlt     | auto                     | 0       |
|   + Affine_38_7_Pipeline_init_v                                  | 0   |        |               |           |                          |         |
|     icmp_ln35_fu_72_p2                                           |     |        | icmp_ln35     | seteq     | auto                     | 0       |
|     add_ln35_fu_78_p2                                            |     |        | add_ln35      | add       | fabric                   | 0       |
|   + Affine_38_7_Pipeline_update_loop                             | 2   |        |               |           |                          |         |
|     icmp_ln62_fu_131_p2                                          |     |        | icmp_ln62     | seteq     | auto                     | 0       |
|     add_ln62_fu_137_p2                                           |     |        | add_ln62      | add       | fabric                   | 0       |
|     add_ln64_2_fu_146_p2                                         |     |        | add_ln64_2    | add       | fabric                   | 0       |
|     add_ln64_1_fu_152_p2                                         |     |        | add_ln64_1    | add       | fabric                   | 0       |
|     mul_24s_20s_44_1_1_U343                                      | 2   |        | mul_ln64      | mul       | auto                     | 0       |
|     add_ln64_fu_201_p2                                           |     |        | add_ln64      | add       | fabric                   | 0       |
|   + Affine_38_7_Pipeline_output_loop                             | 0   |        |               |           |                          |         |
|     icmp_ln70_fu_123_p2                                          |     |        | icmp_ln70     | seteq     | auto                     | 0       |
|     add_ln70_fu_129_p2                                           |     |        | add_ln70      | add       | fabric                   | 0       |
|  + CubaLIF_1_1_7_s                                               | 37  |        |               |           |                          |         |
|    sub_ln150_fu_276_p2                                           |     |        | sub_ln150     | sub       | fabric                   | 0       |
|    icmp_ln187_fu_327_p2                                          |     |        | icmp_ln187    | seteq     | auto                     | 0       |
|   + CubaLIF_1_1_7_Pipeline_VITIS_LOOP_133_1                      | 0   |        |               |           |                          |         |
|     sparsemux_15_3_16_1_1_U356                                   |     |        | tmp_5_i       | sparsemux | compactencoding_dontcare | 0       |
|     add_ln142_fu_253_p2                                          |     |        | add_ln142     | add       | fabric                   | 0       |
|     sub_ln142_fu_259_p2                                          |     |        | sub_ln142     | sub       | fabric                   | 0       |
|     icmp_ln142_fu_265_p2                                         |     |        | icmp_ln142    | seteq     | auto                     | 0       |
|   + CubaLIF_1_1_7_Pipeline_VITIS_LOOP_149_4                      | 37  |        |               |           |                          |         |
|     icmp_ln149_fu_308_p2                                         |     |        | icmp_ln149    | seteq     | auto                     | 0       |
|     add_ln149_fu_314_p2                                          |     |        | add_ln149     | add       | fabric                   | 0       |
|     sparsemux_15_3_16_1_1_U367                                   |     |        | tmp_2_i       | sparsemux | compactencoding_dontcare | 0       |
|     icmp_ln167_fu_649_p2                                         |     |        | icmp_ln167    | seteq     | auto                     | 0       |
|    + update_cuba_lif_neuron (grp_update_cuba_lif_neuron_fu_262)  | 37  |        |               |           |                          |         |
|      sdiv_40ns_8ns_37_44_1_U89                                   |     |        | sdiv_ln61     | sdiv      | auto                     | 43      |
|      grp_exp_pwl_lut_decay_fp_fu_177_exp_arg                     |     |        | sub_ln61      | sub       | fabric                   | 0       |
|      sdiv_40ns_5ns_37_44_1_U90                                   |     |        | sdiv_ln62     | sdiv      | auto                     | 43      |
|      grp_exp_pwl_lut_decay_fp_fu_186_exp_arg                     |     |        | sub_ln62      | sub       | fabric                   | 0       |
|      mul_40s_24s_56_1_1_U84                                      | 3   |        | mul_ln65      | mul       | auto                     | 0       |
|      tau_diff_fu_348_p2                                          |     |        | tau_diff      | sub       | fabric                   | 0       |
|      icmp_ln67_fu_281_p2                                         |     |        | icmp_ln67     | seteq     | auto                     | 0       |
|      mul_24s_20ns_44_1_1_U82                                     | 2   |        | mul_ln68      | mul       | auto                     | 0       |
|      mul_44s_4ns_48_1_1_U92                                      |     |        | mul_ln68_1    | mul       | auto                     | 0       |
|      sdiv_64ns_7ns_64_68_1_U93                                   |     |        | sdiv_ln68     | sdiv      | auto                     | 67      |
|      sub_ln68_fu_503_p2                                          |     |        | sub_ln68      | sub       | fabric                   | 0       |
|      mul_64s_25s_88_1_1_U87                                      | 4   |        | mul_ln68_2    | mul       | auto                     | 0       |
|      add_ln68_fu_574_p2                                          |     |        | add_ln68      | add       | fabric                   | 0       |
|      mul_60s_62ns_121_1_1_U86                                    | 12  |        | mul_ln71_2    | mul       | auto                     | 0       |
|      sub_ln71_fu_410_p2                                          |     |        | sub_ln71      | sub       | fabric                   | 0       |
|      select_ln71_fu_434_p3                                       |     |        | select_ln71   | select    | auto_sel                 | 0       |
|      sub_ln71_1_fu_445_p2                                        |     |        | sub_ln71_1    | sub       | fabric                   | 0       |
|      select_ln71_1_fu_451_p3                                     |     |        | select_ln71_1 | select    | auto_sel                 | 0       |
|      mul_57s_24s_79_1_1_U85                                      | 4   |        | mul_ln71      | mul       | auto                     | 0       |
|      mul_79s_24s_88_2_1_U88                                      | 5   |        | mul_ln71_1    | mul       | auto                     | 1       |
|      add_ln71_fu_554_p2                                          |     |        | add_ln71      | add       | fabric                   | 0       |
|      mul_24s_24s_40_1_1_U83                                      | 2   |        | mul_ln74      | mul       | auto                     | 0       |
|      mul_24s_18ns_40_1_1_U91                                     | 1   |        | mul_ln77      | mul       | auto                     | 0       |
|      add_ln78_fu_531_p2                                          |     |        | add_ln78      | add       | fabric                   | 0       |
|      icmp_ln81_fu_600_p2                                         |     |        | icmp_ln81     | setlt     | auto                     | 0       |
|      v_t_1_fu_606_p3                                             |     |        | v_t_1         | select    | auto_sel                 | 0       |
|      select_ln41_fu_614_p3                                       |     |        | select_ln41   | select    | auto_sel                 | 0       |
|     + exp_pwl_lut_decay_fp (grp_exp_pwl_lut_decay_fp_fu_177)     | 2   |        |               |           |                          |         |
|       xor_ln63_fu_199_p2                                         |     |        | xor_ln63      | xor       | auto                     | 0       |
|       icmp_ln67_fu_112_p2                                        |     |        | icmp_ln67     | setlt     | auto                     | 0       |
|       scaled_index_fu_126_p2                                     |     |        | scaled_index  | add       | fabric                   | 0       |
|       add_ln78_fu_162_p2                                         |     |        | add_ln78      | add       | fabric                   | 0       |
|       local_x_fu_178_p2                                          |     |        | local_x       | sub       | fabric                   | 0       |
|       mul_38s_16ns_53_1_1_U77                                    | 2   |        | mul_ln81      | mul       | auto                     | 0       |
|       add_ln81_fu_215_p2                                         |     |        | add_ln81      | add       | fabric                   | 0       |
|       icmp_ln83_fu_230_p2                                        |     |        | icmp_ln83     | setlt     | auto                     | 0       |
|       select_ln87_1_fu_236_p3                                    |     |        | select_ln87_1 | select    | auto_sel                 | 0       |
|       icmp_ln87_fu_253_p2                                        |     |        | icmp_ln87     | setgt     | auto                     | 0       |
|       select_ln87_fu_269_p3                                      |     |        | select_ln87   | select    | auto_sel                 | 0       |
|       or_ln83_fu_277_p2                                          |     |        | or_ln83       | or        | auto                     | 0       |
|       or_ln83_1_fu_282_p2                                        |     |        | or_ln83_1     | or        | auto                     | 0       |
|       ap_return                                                  |     |        | UnifiedRetVal | select    | auto_sel                 | 0       |
|     + exp_pwl_lut_decay_fp (grp_exp_pwl_lut_decay_fp_fu_186)     | 2   |        |               |           |                          |         |
|       xor_ln63_fu_199_p2                                         |     |        | xor_ln63      | xor       | auto                     | 0       |
|       icmp_ln67_fu_112_p2                                        |     |        | icmp_ln67     | setlt     | auto                     | 0       |
|       scaled_index_fu_126_p2                                     |     |        | scaled_index  | add       | fabric                   | 0       |
|       add_ln78_fu_162_p2                                         |     |        | add_ln78      | add       | fabric                   | 0       |
|       local_x_fu_178_p2                                          |     |        | local_x       | sub       | fabric                   | 0       |
|       mul_38s_16ns_53_1_1_U77                                    | 2   |        | mul_ln81      | mul       | auto                     | 0       |
|       add_ln81_fu_215_p2                                         |     |        | add_ln81      | add       | fabric                   | 0       |
|       icmp_ln83_fu_230_p2                                        |     |        | icmp_ln83     | setlt     | auto                     | 0       |
|       select_ln87_1_fu_236_p3                                    |     |        | select_ln87_1 | select    | auto_sel                 | 0       |
|       icmp_ln87_fu_253_p2                                        |     |        | icmp_ln87     | setgt     | auto                     | 0       |
|       select_ln87_fu_269_p3                                      |     |        | select_ln87   | select    | auto_sel                 | 0       |
|       or_ln83_fu_277_p2                                          |     |        | or_ln83       | or        | auto                     | 0       |
|       or_ln83_1_fu_282_p2                                        |     |        | or_ln83_1     | or        | auto                     | 0       |
|       ap_return                                                  |     |        | UnifiedRetVal | select    | auto_sel                 | 0       |
|   + CubaLIF_1_1_7_Pipeline_VITIS_LOOP_191_7                      | 0   |        |               |           |                          |         |
|     icmp_ln191_fu_76_p2                                          |     |        | icmp_ln191    | seteq     | auto                     | 0       |
|     add_ln191_fu_82_p2                                           |     |        | add_ln191     | add       | fabric                   | 0       |
+------------------------------------------------------------------+-----+--------+---------------+-----------+--------------------------+---------+


================================================================
== Storage Report
================================================================
+------------------------------------------------------------------+--------------+--------+------+------+--------+-------------------+------+---------+------------------+
| Name                                                             | Usage        | Type   | BRAM | URAM | Pragma | Variable          | Impl | Latency | Bitwidth, Depth, |
|                                                                  |              |        |      |      |        |                   |      |         | Banks            |
+------------------------------------------------------------------+--------------+--------+------+------+--------+-------------------+------+---------+------------------+
| + snn_to_hls                                                     |              |        | 4    | 0    |        |                   |      |         |                  |
|   layer_1_U                                                      | fifo channel | stream |      |      |        | layer_1           | srl  | 0       | 224, 2, 1        |
|   layer_3_split2_U                                               | fifo channel | stream |      |      |        | layer_3_split2    | srl  | 0       | 224, 2, 1        |
|   layer_4_U                                                      | fifo channel | stream |      |      |        | layer_4           | srl  | 0       | 224, 2, 1        |
|  + Affine_12_38_s                                                |              |        | 1    | 0    |        |                   |      |         |                  |
|    bias_1_U                                                      | rom_1p       |        |      |      |        | bias_1            | auto | 1       | 10, 38, 1        |
|    acc_buffer_2_U                                                | ram_s2p      |        |      |      |        | acc_buffer_2      | auto | 1       | 40, 38, 1        |
|   + Affine_12_38_Pipeline_update_loop                            |              |        | 1    | 0    |        |                   |      |         |                  |
|     weights_1_U                                                  | rom_1p       |        | 1    |      |        | weights_1         | auto | 1       | 12, 456, 1       |
|  + Block_entry_layer_2_rec_wr_initialized_fb_proc                |              |        | 2    | 0    |        |                   |      |         |                  |
|    layer_1_merged_fifo_U                                         | fifo         |        |      |      |        | layer_1_merged    | srl  | 0       | 224, 2, 1        |
|    layer_3_fifo_U                                                | fifo         |        |      |      |        | layer_3           | srl  | 0       | 224, 2, 1        |
|    layer_3_split1_fifo_U                                         | fifo         |        |      |      |        | layer_3_split1    | srl  | 0       | 224, 2, 1        |
|   + CubaLIF_1_1_38_s                                             |              |        | 0    | 0    |        |                   |      |         |                  |
|    + CubaLIF_1_1_38_Pipeline_VITIS_LOOP_149_4                    |              |        | 0    | 0    |        |                   |      |         |                  |
|      w_in_3_U                                                    | rom_1p       |        |      |      |        | w_in_3            | auto | 1       | 10, 38, 1        |
|      r_3_U                                                       | rom_1p       |        |      |      |        | r_3               | auto | 1       | 12, 38, 1        |
|      tau_mem_3_U                                                 | rom_1p       |        |      |      |        | tau_mem_3         | auto | 1       | 7, 38, 1         |
|      tau_syn_3_U                                                 | rom_1p       |        |      |      |        | tau_syn_3         | auto | 1       | 2, 38, 1         |
|      v_threshold_3_U                                             | rom_1p       |        |      |      |        | v_threshold_3     | auto | 1       | 9, 38, 1         |
|     + update_cuba_lif_neuron (grp_update_cuba_lif_neuron_fu_632) |              |        | 0    | 0    |        |                   |      |         |                  |
|     + exp_pwl_lut_decay_fp (grp_exp_pwl_lut_decay_fp_fu_177)     |              |        | 0    | 0    |        |                   |      |         |                  |
|       EXP_PWL_LUT_VALUE_U                                        | rom_1p       |        |      |      |        | EXP_PWL_LUT_VALUE | auto | 1       | 16, 64, 1        |
|       EXP_PWL_LUT_SLOPE_U                                        | rom_1p       |        |      |      |        | EXP_PWL_LUT_SLOPE | auto | 1       | 16, 64, 1        |
|     + exp_pwl_lut_decay_fp (grp_exp_pwl_lut_decay_fp_fu_186)     |              |        | 0    | 0    |        |                   |      |         |                  |
|       EXP_PWL_LUT_VALUE_U                                        | rom_1p       |        |      |      |        | EXP_PWL_LUT_VALUE | auto | 1       | 16, 64, 1        |
|       EXP_PWL_LUT_SLOPE_U                                        | rom_1p       |        |      |      |        | EXP_PWL_LUT_SLOPE | auto | 1       | 16, 64, 1        |
|   + Affine_38_38_s                                               |              |        | 2    | 0    |        |                   |      |         |                  |
|     bias_2_rec_U                                                 | rom_1p       |        |      |      |        | bias_2_rec        | auto | 1       | 10, 38, 1        |
|     acc_buffer_1_U                                               | ram_s2p      |        |      |      |        | acc_buffer_1      | auto | 1       | 40, 38, 1        |
|    + Affine_38_38_Pipeline_update_loop                           |              |        | 2    | 0    |        |                   |      |         |                  |
|      weights_2_rec_U                                             | rom_1p       |        | 2    |      |        | weights_2_rec     | auto | 1       | 13, 1444, 1      |
|  + Affine_38_7_s                                                 |              |        | 1    | 0    |        |                   |      |         |                  |
|    bias_4_U                                                      | rom_1p       |        |      |      |        | bias_4            | auto | 1       | 7, 7, 1          |
|    acc_buffer_U                                                  | ram_s2p      |        |      |      |        | acc_buffer        | auto | 1       | 40, 7, 1         |
|   + Affine_38_7_Pipeline_update_loop                             |              |        | 1    | 0    |        |                   |      |         |                  |
|     weights_4_U                                                  | rom_1p       |        | 1    |      |        | weights_4         | auto | 1       | 12, 266, 1       |
|  + CubaLIF_1_1_7_s                                               |              |        | 0    | 0    |        |                   |      |         |                  |
|   + CubaLIF_1_1_7_Pipeline_VITIS_LOOP_149_4                      |              |        | 0    | 0    |        |                   |      |         |                  |
|     w_in_5_U                                                     | rom_1p       |        |      |      |        | w_in_5            | auto | 1       | 10, 7, 1         |
|     r_5_U                                                        | rom_1p       |        |      |      |        | r_5               | auto | 1       | 10, 7, 1         |
|     tau_mem_5_U                                                  | rom_1p       |        |      |      |        | tau_mem_5         | auto | 1       | 2, 7, 1          |
|     tau_syn_5_U                                                  | rom_1p       |        |      |      |        | tau_syn_5         | auto | 1       | 3, 7, 1          |
|     v_threshold_5_U                                              | rom_1p       |        |      |      |        | v_threshold_5     | auto | 1       | 9, 7, 1          |
|    + update_cuba_lif_neuron (grp_update_cuba_lif_neuron_fu_262)  |              |        | 0    | 0    |        |                   |      |         |                  |
|     + exp_pwl_lut_decay_fp (grp_exp_pwl_lut_decay_fp_fu_177)     |              |        | 0    | 0    |        |                   |      |         |                  |
|       EXP_PWL_LUT_VALUE_U                                        | rom_1p       |        |      |      |        | EXP_PWL_LUT_VALUE | auto | 1       | 16, 64, 1        |
|       EXP_PWL_LUT_SLOPE_U                                        | rom_1p       |        |      |      |        | EXP_PWL_LUT_SLOPE | auto | 1       | 16, 64, 1        |
|     + exp_pwl_lut_decay_fp (grp_exp_pwl_lut_decay_fp_fu_186)     |              |        | 0    | 0    |        |                   |      |         |                  |
|       EXP_PWL_LUT_VALUE_U                                        | rom_1p       |        |      |      |        | EXP_PWL_LUT_VALUE | auto | 1       | 16, 64, 1        |
|       EXP_PWL_LUT_SLOPE_U                                        | rom_1p       |        |      |      |        | EXP_PWL_LUT_SLOPE | auto | 1       | 16, 64, 1        |
+------------------------------------------------------------------+--------------+--------+------+------+--------+-------------------+------+---------+------------------+


================================================================
== Pragma Report
================================================================
* Pragmas with Warnings
+----------+---------+-------------------------------------------+------------------------------------------------------------------------------------------------------------------------------------------------------------------------------------------------------------------+
| Type     | Options | Location                                  | Messages                                                                                                                                                                                                         |
+----------+---------+-------------------------------------------+------------------------------------------------------------------------------------------------------------------------------------------------------------------------------------------------------------------+
| DATAFLOW |         | in snn_to_hls (snn_implementation.cpp:13) | Since the only kind of statements allowed in a canonical dataflow region are variable declarations and function calls, the compiler may not be able to correctly handle the region                               |
|          |         |                                           | Since the only kind of statements allowed in a canonical dataflow region are variable declarations and function calls, the compiler may not be able to correctly handle the region (snn_implementation.cpp:13:9) |
+----------+---------+-------------------------------------------+------------------------------------------------------------------------------------------------------------------------------------------------------------------------------------------------------------------+

* Inferred Pragmas
+----------------+----------------------+----------------------------------------------------------------------------------+-------------------------------+
| Type           | Options              | Location                                                                         | Inferred From                 |
+----------------+----------------------+----------------------------------------------------------------------------------+-------------------------------+
| LOOP_TRIPCOUNT | avg=38 max=38 min=38 | loop in affine (affine.h:35)                                                     | C Simulation Profiling        |
| LOOP_TRIPCOUNT | avg=4 max=12 min=0   | loop in affine (affine.h:45)                                                     | C Simulation Profiling        |
| LOOP_TRIPCOUNT | avg=38 max=38 min=38 | loop in affine (affine.h:62)                                                     | C Simulation Profiling        |
| LOOP_TRIPCOUNT | avg=38 max=38 min=38 | loop in affine (affine.h:70)                                                     | C Simulation Profiling        |
| LOOP_TRIPCOUNT | avg=75 max=76 min=0  | loop in cubalif (cuba_lif.h:133)                                                 | C Simulation Profiling        |
| LOOP_TRIPCOUNT | avg=1 max=1 min=1    | loop in cubalif (cuba_lif.h:147)                                                 | C Simulation Profiling        |
| LOOP_TRIPCOUNT | avg=1 max=1 min=1    | loop in cubalif (cuba_lif.h:148)                                                 | C Simulation Profiling        |
| LOOP_TRIPCOUNT | avg=38 max=38 min=38 | loop in cubalif (cuba_lif.h:149)                                                 | C Simulation Profiling        |
| LOOP_TRIPCOUNT | avg=1 max=1 min=1    | loop in cubalif (cuba_lif.h:189)                                                 | C Simulation Profiling        |
| LOOP_TRIPCOUNT | avg=1 max=1 min=1    | loop in cubalif (cuba_lif.h:190)                                                 | C Simulation Profiling        |
| LOOP_TRIPCOUNT | avg=38 max=38 min=38 | loop in cubalif (cuba_lif.h:191)                                                 | C Simulation Profiling        |
| LOOP_TRIPCOUNT | avg=39 max=39 min=39 | loop in merge (merge.h:25)                                                       | C Simulation Profiling        |
| LOOP_TRIPCOUNT | avg=38 max=39 min=1  | loop in merge (merge.h:36)                                                       | C Simulation Profiling        |
| LOOP_TRIPCOUNT | avg=1 max=6 min=1    | loop in split (split.h:29)                                                       | C Simulation Profiling        |
| PIPELINE       |                      | loop VITIS_LOOP_25_1 (./merge.h:25:22) in merge (merge.h:25)                     | syn.compile.pipeline_loops=64 |
| PIPELINE       |                      | loop VITIS_LOOP_36_2 (./merge.h:36:22) in merge (merge.h:36)                     | syn.compile.pipeline_loops=64 |
| PIPELINE       |                      | loop VITIS_LOOP_133_1 (./cuba_lif.h:133:23) in cubalif<1, 1, 7> (cuba_lif.h:133) | syn.compile.pipeline_loops=64 |
| PIPELINE       |                      | loop VITIS_LOOP_149_4 (./cuba_lif.h:149:39) in cubalif<1, 1, 7> (cuba_lif.h:149) | syn.compile.pipeline_loops=64 |
| PIPELINE       |                      | loop VITIS_LOOP_191_7 (./cuba_lif.h:191:43) in cubalif<1, 1, 7> (cuba_lif.h:191) | syn.compile.pipeline_loops=64 |
| PIPELINE       |                      | loop VITIS_LOOP_28_1 (./split.h:28:22) in split (split.h:28)                     | syn.compile.pipeline_loops=64 |
+----------------+----------------------+----------------------------------------------------------------------------------+-------------------------------+

* Valid Pragma Syntax
+-----------------+------------------------------------+--------------------------------------------+
| Type            | Options                            | Location                                   |
+-----------------+------------------------------------+--------------------------------------------+
| PIPELINE        | ii=1                               | in affine (affine.h:36)                    |
| PIPELINE        |                                    | in affine (affine.h:63)                    |
| PIPELINE        |                                    | in affine (affine.h:71)                    |
| INLINE          | off                                | in update_cuba_lif_neuron (cuba_lif.h:54)  |
| ARRAY_PARTITION | variable=v_mem type=complete dim=3 | in cubalif (cuba_lif.h:129)                |
| ARRAY_PARTITION | variable=i_syn type=complete dim=3 | in cubalif (cuba_lif.h:130)                |
| ARRAY_PARTITION | variable=i_new type=complete dim=3 | in cubalif (cuba_lif.h:131)                |
| INLINE          | off                                | in exp_pwl_lut_decay_fp (exp_pwl_lut.h:62) |
| INLINE          | off                                | in ts_efa_compute_decay (ts_efa.h:68)      |
| INLINE          | off                                | in ts_efa_compute_decay_fp (ts_efa.h:88)   |
+-----------------+------------------------------------+--------------------------------------------+


